\BOOKMARK [1][-]{section.1}{\376\377\145\207\163\056\0001\150\007\230\230\377\032\127\372\116\216\000D\000E\000A\000-\000M\000a\000l\000m\000q\000u\000i\000s\000t\122\006\147\220\166\204\136\177\116\034\167\001\127\316\136\002\121\154\172\313\123\073\226\142\215\104\156\220\221\115\177\156\145\110\163\207\170\024\172\166}{}% 1
\BOOKMARK [2][-]{subsection.1.1}{\376\377\170\024\172\166\225\356\230\230\200\314\146\157}{section.1}% 2
\BOOKMARK [2][-]{subsection.1.2}{\376\377\152\041\127\213\120\107\213\276}{section.1}% 3
\BOOKMARK [2][-]{subsection.1.3}{\376\377\145\160\133\146\152\041\127\213\116\313\176\315}{section.1}% 4
\BOOKMARK [3][-]{subsubsection.1.3.1}{\376\377\000D\000E\000A\000-\000B\000C\000C\152\041\127\213}{subsection.1.3}% 5
\BOOKMARK [3][-]{subsubsection.1.3.2}{\376\377\000M\000a\000l\000m\000q\000u\000i\000s\000t\143\007\145\160\152\041\127\213}{subsection.1.3}% 6
\BOOKMARK [2][-]{subsection.1.4}{\376\377\154\102\211\343\145\271\154\325}{section.1}% 7
\BOOKMARK [3][-]{subsubsection.1.4.1}{\376\377\145\160\143\156\147\145\156\220\116\016\143\007\150\007\220\011\123\326}{subsection.1.4}% 8
\BOOKMARK [3][-]{subsubsection.1.4.2}{\376\377\135\345\121\167\116\016\153\145\232\244}{subsection.1.4}% 9
\BOOKMARK [2][-]{subsection.1.5}{\376\377\154\102\211\343\176\323\147\234}{section.1}% 10
\BOOKMARK [3][-]{subsubsection.1.5.1}{\376\377\227\131\140\001\145\110\163\207\377\032\176\374\124\010\145\110\163\207\217\173\136\246\145\340\145\110\377\014\127\060\123\072\135\356\137\002\146\076\204\127}{subsection.1.5}% 11
\BOOKMARK [3][-]{subsubsection.1.5.2}{\376\377\122\250\140\001\145\110\163\207\377\032\000T\000F\000P\121\110\226\115\124\016\123\107\377\014\142\200\147\057\217\333\153\145\116\072\150\070\137\303\232\161\122\250}{subsection.1.5}% 12
\BOOKMARK [3][-]{subsubsection.1.5.3}{\376\377\142\225\121\145\116\247\121\372\121\227\117\131\377\032\126\372\133\232\215\104\116\247\116\016\215\042\145\077\210\145\122\251\121\227\117\131\172\201\121\372}{subsection.1.5}% 13
\BOOKMARK [1][-]{section.2}{\376\377\145\207\163\056\0002\150\007\230\230\377\032\127\372\116\216\160\160\202\162\000-\126\336\137\122\176\304\124\010\152\041\127\213\166\204\155\304\123\132\136\002\123\153\165\037\215\104\156\220\230\204\155\113}{}% 14
\BOOKMARK [2][-]{subsection.2.1}{\376\377\170\024\172\166\225\356\230\230\200\314\146\157}{section.2}% 15
\BOOKMARK [2][-]{subsection.2.2}{\376\377\152\041\127\213\120\107\213\276}{section.2}% 16
\BOOKMARK [2][-]{subsection.2.3}{\376\377\145\160\133\146\152\041\127\213\116\313\176\315}{section.2}% 17
\BOOKMARK [3][-]{subsubsection.2.3.1}{\376\377\000G\000M\000\050\0001\000,\0001\000\051\160\160\202\162\152\041\127\213}{subsection.2.3}% 18
\BOOKMARK [3][-]{subsubsection.2.3.2}{\376\377\131\032\121\103\176\277\140\047\126\336\137\122\152\041\127\213}{subsection.2.3}% 19
\BOOKMARK [3][-]{subsubsection.2.3.3}{\376\377\122\240\147\103\136\163\127\107\176\304\124\010\152\041\127\213}{subsection.2.3}% 20
\BOOKMARK [2][-]{subsection.2.4}{\376\377\154\102\211\343\145\271\154\325}{section.2}% 21
\BOOKMARK [3][-]{subsubsection.2.4.1}{\376\377\145\160\143\156\147\145\156\220\116\016\230\204\131\004\164\006}{subsection.2.4}% 22
\BOOKMARK [3][-]{subsubsection.2.4.2}{\376\377\135\345\121\167\116\016\153\145\232\244}{subsection.2.4}% 23
\BOOKMARK [2][-]{subsection.2.5}{\376\377\154\102\211\343\176\323\147\234}{section.2}% 24
\BOOKMARK [3][-]{subsubsection.2.5.1}{\376\377\123\125\116\000\152\041\127\213\174\276\136\246\127\107\217\276\117\030\176\247\150\007\121\306}{subsection.2.5}% 25
\BOOKMARK [3][-]{subsubsection.2.5.2}{\376\377\176\304\124\010\152\041\127\213\230\204\155\113\176\323\147\234\377\032\215\104\156\220\143\001\176\355\130\236\225\177}{subsection.2.5}% 26
\BOOKMARK [3][-]{subsubsection.2.5.3}{\376\377\176\323\213\272\377\032\221\115\177\156\154\064\136\163\230\206\121\110\377\014\117\106\227\000\136\224\133\371\176\323\147\204\143\021\142\030}{subsection.2.5}% 27
\BOOKMARK [1][-]{section.3}{\376\377\145\207\163\056\117\030\177\072\160\271\133\371\153\324}{}% 28
\BOOKMARK [2][-]{subsection.3.1}{\376\377\152\041\127\213\117\030\122\277}{section.3}% 29
\BOOKMARK [2][-]{subsection.3.2}{\376\377\152\041\127\213\134\100\226\120}{section.3}% 30
\BOOKMARK [1][-]{section.4}{\376\377\145\071\217\333\152\041\127\213\213\276\140\363\116\016\117\235\143\156}{}% 31
\BOOKMARK [2][-]{subsection.4.1}{\376\377\145\071\217\333\145\271\124\021\0001\377\032\116\011\226\066\153\265\000D\000E\000A\000-\000M\000a\000l\000m\000q\000u\000i\000s\000t\152\041\127\213}{section.4}% 32
\BOOKMARK [3][-]{subsubsection.4.1.1}{\376\377\213\276\140\363}{subsection.4.1}% 33
\BOOKMARK [3][-]{subsubsection.4.1.2}{\376\377\117\235\143\156}{subsection.4.1}% 34
\BOOKMARK [2][-]{subsection.4.2}{\376\377\145\071\217\333\145\271\124\021\0002\377\032\160\160\202\162\000-\126\336\137\122\000-\000A\000R\000I\000M\000A\176\304\124\010\152\041\127\213}{section.4}% 35
\BOOKMARK [3][-]{subsubsection.4.2.1}{\376\377\213\276\140\363}{subsection.4.2}% 36
\BOOKMARK [3][-]{subsubsection.4.2.2}{\376\377\117\235\143\156}{subsection.4.2}% 37
