\BOOKMARK [1][-]{section.0.1}{\376\377\173\200\116\313}{}% 1
\BOOKMARK [2][-]{subsection.0.1.1}{\376\377\170\024\172\166\200\314\146\157}{section.0.1}% 2
\BOOKMARK [3][-]{subsubsection.0.1.1.1}{\376\377\225\356\230\230\221\315\217\360}{subsection.0.1.1}% 3
\BOOKMARK [3][-]{subsubsection.0.1.1.2}{\376\377\142\245\124\112\176\323\147\234\145\160\221\317\154\342\122\250\136\372\152\041\116\016\230\204\155\113}{subsection.0.1.1}% 4
\BOOKMARK [3][-]{subsubsection.0.1.1.3}{\376\377\123\125\213\315\134\136\140\047\133\371\126\360\226\276\152\041\137\017\123\302\116\016\163\207\166\204\137\161\124\315\122\006\147\220}{subsection.0.1.1}% 5
\BOOKMARK [3][-]{subsubsection.0.1.1.4}{\376\377\147\052\147\145\166\356\150\007\123\125\213\315\166\204\176\323\147\234\122\006\136\003\230\204\155\113}{subsection.0.1.1}% 6
\BOOKMARK [3][-]{subsubsection.0.1.1.5}{\376\377\123\125\213\315\226\276\136\246\122\006\174\173\152\041\127\213\147\204\136\372}{subsection.0.1.1}% 7
\BOOKMARK [3][-]{subsubsection.0.1.1.6}{\376\377\145\160\143\156\226\306\157\134\127\050\162\171\137\201\143\026\143\230}{subsection.0.1.1}% 8
\BOOKMARK [2][-]{subsection.0.1.2}{\376\377\142\021\116\354\166\204\135\345\117\134}{section.0.1}% 9
\BOOKMARK [1][-]{section.0.2}{\376\377\152\041\127\213\120\107\213\276\124\214\173\046\123\367\213\364\146\016}{}% 10
\BOOKMARK [2][-]{subsection.0.2.1}{\376\377\152\041\127\213\120\107\213\276}{section.0.2}% 11
\BOOKMARK [2][-]{subsection.0.2.2}{\376\377\173\046\123\367\213\364\146\016}{section.0.2}% 12
\BOOKMARK [3][-]{subsubsection.0.2.2.1}{\376\377\152\041\127\213\123\302\145\160\133\232\116\111}{subsection.0.2.2}% 13
\BOOKMARK [1][-]{section.0.3}{\376\377\136\372\152\041\116\016\152\041\127\213}{}% 14
\BOOKMARK [2][-]{subsection.0.3.1}{\376\377\225\356\230\230\116\000\000:\230\204\155\113\147\052\147\145\142\245\124\112\176\323\147\234\145\160\221\317}{section.0.3}% 15
\BOOKMARK [3][-]{subsubsection.0.3.1.1}{\376\377\145\160\143\156\162\171\137\201\122\006\147\220}{subsection.0.3.1}% 16
\BOOKMARK [3][-]{subsubsection.0.3.1.2}{\376\377\136\163\172\063\140\047\150\300\232\214\116\016\135\356\122\006\131\004\164\006}{subsection.0.3.1}% 17
\BOOKMARK [3][-]{subsubsection.0.3.1.3}{\376\377\152\041\127\213\226\066\145\160\170\156\133\232}{subsection.0.3.1}% 18
\BOOKMARK [2][-]{subsection.0.3.2}{\376\377\152\041\127\213\154\102\211\343\377\032\123\302\145\160\117\060\213\241\116\016\230\204\155\113}{section.0.3}% 19
\BOOKMARK [3][-]{subsubsection.0.3.2.1}{\376\377\123\302\145\160\117\060\213\241}{subsection.0.3.2}% 20
\BOOKMARK [3][-]{subsubsection.0.3.2.2}{\376\377\152\041\127\213\213\312\145\255}{subsection.0.3.2}% 21
\BOOKMARK [3][-]{subsubsection.0.3.2.3}{\376\377\230\204\155\113\176\323\147\234}{subsection.0.3.2}% 22
\BOOKMARK [2][-]{subsection.0.3.3}{\376\377\000T\000a\000s\000k\0002\000:\000\040\000F\000a\000r\000m\000M\000o\000d\000e\000l\000-\000V\0002}{section.0.3}% 23
\BOOKMARK [3][-]{subsubsection.0.3.3.1}{\376\377\000D\000e\000t\000a\000i\000l\000s\000\040\000a\000b\000o\000u\000t\000\040\000F\000a\000r\000m\000M\000o\000d\000e\000l\000-\000V\0002}{subsection.0.3.3}% 24
\BOOKMARK [3][-]{subsubsection.0.3.3.2}{\376\377\000C\000o\000n\000c\000l\000u\000s\000i\000o\000n\000\040\000o\000f\000\040\000F\000a\000r\000m\000M\000o\000d\000e\000l\000-\000V\0002}{subsection.0.3.3}% 25
\BOOKMARK [2][-]{subsection.0.3.4}{\376\377\000T\000a\000s\000k\0003\000:\000\040\000F\000a\000r\000m\000M\000o\000d\000e\000l\000-\000V\0003}{section.0.3}% 26
\BOOKMARK [3][-]{subsubsection.0.3.4.1}{\376\377\000D\000e\000t\000a\000i\000l\000s\000\040\000a\000b\000o\000u\000t\000\040\000F\000a\000r\000m\000M\000o\000d\000e\000l\000-\000V\0003}{subsection.0.3.4}% 27
\BOOKMARK [3][-]{subsubsection.0.3.4.2}{\376\377\000C\000o\000n\000c\000l\000u\000s\000i\000o\000n\000\040\000o\000f\000\040\000F\000a\000r\000m\000M\000o\000d\000e\000l\000-\000V\0003}{subsection.0.3.4}% 28
\BOOKMARK [2][-]{subsection.0.3.5}{\376\377\000T\000a\000s\000k\0004\000:\000\040\000G\000o\000\040\000G\000r\000e\000e\000n}{section.0.3}% 29
\BOOKMARK [3][-]{subsubsection.0.3.5.1}{\376\377\000M\000e\000t\000h\000o\000d\000s\000\040\000o\000f\000\040\000O\000r\000g\000a\000n\000i\000c\000\040\000F\000a\000r\000m\000i\000n\000g}{subsection.0.3.5}% 30
\BOOKMARK [3][-]{subsubsection.0.3.5.2}{\376\377\000D\000i\000s\000c\000u\000s\000s\000i\000o\000n\000\040\000o\000f\000\040\000C\000o\000s\000t\000s\000\040\000a\000n\000d\000\040\000B\000e\000n\000e\000f\000i\000t\000s}{subsection.0.3.5}% 31
\BOOKMARK [1][-]{section.0.4}{\376\377\000E\000v\000a\000l\000u\000a\000t\000i\000o\000n\000\040\000a\000n\000d\000\040\000A\000n\000a\000l\000y\000s\000i\000s}{}% 32
\BOOKMARK [2][-]{subsection.0.4.1}{\376\377\000D\000i\000s\000a\000s\000t\000e\000r\000\040\000R\000e\000s\000i\000l\000i\000e\000n\000c\000e\000:\000\040\000F\000a\000r\000m\000M\000o\000d\000e\000l\000-\000V\0003\000,\000,}{section.0.4}% 33
\BOOKMARK [3][-]{subsubsection.0.4.1.1}{\376\377\000D\000r\000o\000u\000g\000h\000t\000:\000\040\000F\000a\000r\000m\000M\000o\000d\000e\000l\000-\000V\0003}{subsection.0.4.1}% 34
\BOOKMARK [3][-]{subsubsection.0.4.1.2}{\376\377\000F\000l\000o\000o\000d\000:\000\040\000F\000a\000r\000m\000M\000o\000d\000e\000l\000-\000V\0003}{subsection.0.4.1}% 35
\BOOKMARK [3][-]{subsubsection.0.4.1.3}{\376\377\000I\000n\000s\000e\000c\000t\000\040\000P\000l\000a\000g\000u\000e\000:\000\040\000F\000a\000r\000m\000M\000o\000d\000e\000l\000-\000V\0003}{subsection.0.4.1}% 36
\BOOKMARK [3][-]{subsubsection.0.4.1.4}{\376\377\000C\000o\000n\000c\000l\000u\000s\000i\000o\000n\000\040\000o\000f\000\040\000F\000a\000r\000m\000M\000o\000d\000e\000l\000-\000V\0003\000,\000,}{subsection.0.4.1}% 37
\BOOKMARK [2][-]{subsection.0.4.2}{\376\377\000S\000e\000n\000t\000i\000v\000i\000t\000y\000\040\000A\000n\000a\000l\000y\000s\000i\000s\000:\000\040\000M\000o\000n\000t\000e\000\040\000C\000a\000r\000l\000o\000\040\000S\000i\000m\000u\000l\000a\000t\000i\000o\000n}{section.0.4}% 38
\BOOKMARK [3][-]{subsubsection.0.4.2.1}{\376\377\000F\000a\000r\000m\000M\000o\000d\000e\000l\000-\000V\0001}{subsection.0.4.2}% 39
\BOOKMARK [3][-]{subsubsection.0.4.2.2}{\376\377\000F\000a\000r\000m\000M\000o\000d\000e\000l\000-\000V\0003}{subsection.0.4.2}% 40
\BOOKMARK [2][-]{subsection.0.4.3}{\376\377\000S\000t\000r\000e\000n\000g\000t\000h\000s\000\040\000a\000n\000d\000\040\000W\000e\000a\000k\000n\000e\000s\000s\000e\000s}{section.0.4}% 41
\BOOKMARK [3][-]{subsubsection.0.4.3.1}{\376\377\000S\000t\000r\000e\000n\000g\000t\000h\000s}{subsection.0.4.3}% 42
\BOOKMARK [3][-]{subsubsection.0.4.3.2}{\376\377\000W\000e\000a\000k\000n\000e\000s\000s\000e\000s}{subsection.0.4.3}% 43
\BOOKMARK [1][-]{section.0.5}{\376\377\000L\000e\000t\000t\000e\000r}{}% 44
\BOOKMARK [1][-]{section.1.5}{\376\377\000R\000e\000f\000e\000r\000e\000n\000c\000e\000s}{}% 45
