\BOOKMARK [1][]{section.1}{\376\377\116\000\060\001\000\040\225\356\230\230\221\315\217\360}{}% 1
\BOOKMARK [2][]{subsection.1.1}{\376\377\0001\000.\0001\000\040\225\356\230\230\200\314\146\157}{section.1}% 2
\BOOKMARK [2][]{subsection.1.2}{\376\377\0001\000.\0002\000\040\225\356\230\230\143\320\121\372}{section.1}% 3
\BOOKMARK [1][]{section.2}{\376\377\116\214\060\001\000\040\225\356\230\230\122\006\147\220}{}% 4
\BOOKMARK [1][]{section.3}{\376\377\116\011\060\001\000\040\152\041\127\213\120\107\213\276\116\016\173\046\123\367\213\364\146\016}{}% 5
\BOOKMARK [2][]{subsection.3.1}{\376\377\0003\000.\0001\000\040\152\041\127\213\120\107\213\276}{section.3}% 6
\BOOKMARK [2][]{subsection.3.2}{\376\377\0003\000.\0002\000\040\173\046\123\367\213\364\146\016}{section.3}% 7
\BOOKMARK [1][]{section.4}{\376\377\126\333\060\001\000\040\225\356\230\230\116\000\152\041\127\213\136\372\172\313\116\016\154\102\211\343}{}% 8
\BOOKMARK [2][]{subsection.4.1}{\376\377\0004\000.\0001\000\040\145\160\143\156\230\204\131\004\164\006}{section.4}% 9
\BOOKMARK [3][]{subsubsection.4.1.1}{\376\377\0004\000.\0001\000.\0001\000\040\137\002\136\070\120\074\131\004\164\006}{subsection.4.1}% 10
\BOOKMARK [3][]{subsubsection.4.1.2}{\376\377\0004\000.\0001\000.\0002\000\040\145\160\143\156\156\005\155\027\145\164\124\010}{subsection.4.1}% 11
\BOOKMARK [2][]{subsection.4.2}{\376\377\0004\000.\0002\000\040\225\000\125\056\221\317\166\204\122\006\136\003\211\304\137\213}{section.4}% 12
\BOOKMARK [3][]{subsubsection.4.2.1}{\376\377\0004\000.\0002\000.\0001\000\040\131\032\145\366\225\364\174\222\136\246\166\204\174\173\225\364\225\000\125\056\221\317\153\324\217\203}{subsection.4.2}% 13
\BOOKMARK [3][]{subsubsection.4.2.2}{\376\377\0004\000.\0002\000.\0002\000\040\000A\000R\000I\000M\000A\000\040\145\366\225\364\136\217\122\027\122\006\147\220\213\276\213\241}{subsection.4.2}% 14
\BOOKMARK [2][]{subsection.4.3}{\376\377\0004\000.\0003\000\040\225\000\125\056\221\317\166\204\166\370\116\222\121\163\174\373}{section.4}% 15
\BOOKMARK [3][]{subsubsection.4.3.1}{\376\377\0004\000.\0003\000.\0001\000\040\124\301\174\173\225\364\166\204\000P\000e\000a\000r\000s\000o\000n\124\214\000S\000p\000e\000a\000r\000m\000a\000n\166\370\121\163\174\373\145\160\122\006\147\220}{subsection.4.3}% 16
\BOOKMARK [3][]{subsubsection.4.3.2}{\376\377\0004\000.\0003\000.\0002\000\040\145\271\154\325\123\237\164\006\116\016\220\002\165\050\140\047}{subsection.4.3}% 17
\BOOKMARK [3][]{subsubsection.4.3.3}{\376\377\0004\000.\0003\000.\0003\000\040\122\006\147\220\155\101\172\013\213\276\213\241}{subsection.4.3}% 18
\BOOKMARK [3][]{subsubsection.4.3.4}{\376\377\0004\000.\0003\000.\0004\000\040\166\370\121\163\174\373\145\160\167\351\226\065}{subsection.4.3}% 19
\BOOKMARK [2][]{subsection.4.4}{\376\377\0004\000.\0004\000\040\123\125\124\301\200\132\174\173\122\006\147\220\377\032\177\244\117\123\162\171\137\201\116\016\121\163\174\373\122\006\176\304}{section.4}% 20
\BOOKMARK [3][]{subsubsection.4.4.1}{\376\377\0004\000.\0004\000.\0001\000\040\145\271\154\325\123\237\164\006\116\016\117\030\122\277}{subsection.4.4}% 21
\BOOKMARK [3][]{subsubsection.4.4.2}{\376\377\0004\000.\0004\000.\0002\000\040\122\006\147\220\155\101\172\013\213\276\213\241}{subsection.4.4}% 22
\BOOKMARK [1][]{section.5}{\376\377\116\224\060\001\000\040\225\356\230\230\116\214\152\041\127\213\136\372\172\313\116\016\154\102\211\343}{}% 23
\BOOKMARK [2][]{subsection.5.1}{\376\377\0005\000.\0001\000\040\136\372\152\041\217\307\172\013}{section.5}% 24
\BOOKMARK [2][]{subsection.5.2}{\376\377\0005\000.\0002\000\040\225\000\125\056\140\073\221\317\116\016\133\232\116\367\166\204\121\163\174\373}{section.5}% 25
\BOOKMARK [3][]{subsubsection.5.2.1}{\376\377\0005\000.\0002\000.\0001\000\040\152\041\127\213\153\324\217\203\116\016\147\000\117\030\142\337\124\010\152\041\127\213\220\011\142\351}{subsection.5.2}% 26
\BOOKMARK [3][]{subsubsection.5.2.2}{\376\377\0005\000.\0002\000.\0002\000\040\140\073\176\323}{subsection.5.2}% 27
\BOOKMARK [2][]{subsection.5.3}{\376\377\0005\000.\0003\000\040\147\204\136\372\147\000\117\030\123\026\152\041\127\213}{section.5}% 28
\BOOKMARK [3][]{subsubsection.5.3.1}{\376\377\0005\000.\0003\000.\0001\000\040\152\041\127\213\137\025\121\145}{subsection.5.3}% 29
\BOOKMARK [3][]{subsubsection.5.3.2}{\376\377\0005\000.\0003\000.\0002\000\040\145\066\166\312\147\000\131\047\123\026\152\041\127\213}{subsection.5.3}% 30
\BOOKMARK [2][]{subsection.5.4}{\376\377\0005\000.\0004\000\040\154\102\211\343\153\145\232\244}{section.5}% 31
\BOOKMARK [1][]{section.6}{\376\377\121\155\060\001\000\040\225\356\230\230\116\011\152\041\127\213\136\372\172\313\116\016\154\102\211\343}{}% 32
\BOOKMARK [2][]{subsection.6.1}{\376\377\0006\000.\0001\000\040\145\160\143\156\230\204\131\004\164\006\116\016\200\132\174\173\122\006\147\220}{section.6}% 33
\BOOKMARK [3][]{subsubsection.6.1.1}{\376\377\0006\000.\0001\000.\0001\000\040\145\160\143\156\127\372\170\100}{subsection.6.1}% 34
\BOOKMARK [3][]{subsubsection.6.1.2}{\376\377\0006\000.\0001\000.\0002\000\040\000K\000-\000m\000e\000a\000n\000s\200\132\174\173\122\006\176\304}{subsection.6.1}% 35
\BOOKMARK [2][]{subsection.6.2}{\376\377\0006\000.\0002\000\040\117\030\123\026\152\041\127\213\136\372\172\313}{section.6}% 36
\BOOKMARK [3][]{subsubsection.6.2.1}{\376\377\0006\000.\0002\000.\0001\000\040\166\356\150\007\121\375\145\160}{subsection.6.2}% 37
\BOOKMARK [3][]{subsubsection.6.2.2}{\376\377\0006\000.\0002\000.\0002\000\040\176\246\147\137\147\141\116\366}{subsection.6.2}% 38
\BOOKMARK [3][]{subsubsection.6.2.3}{\376\377\0006\000.\0002\000.\0003\000\040\154\102\211\343\153\145\232\244}{subsection.6.2}% 39
\BOOKMARK [2][]{subsection.6.3}{\376\377\0006\000.\0003\000\040\150\070\137\303\176\323\147\234}{section.6}% 40
\BOOKMARK [1][]{section.7}{\376\377\116\003\060\001\000\040\225\356\230\230\126\333\152\041\127\213\136\372\172\313\116\016\154\102\211\343}{}% 41
\BOOKMARK [1][]{section*.69}{\376\377\123\302\200\003\145\207\163\056}{}% 42
\BOOKMARK [1][]{appendix.1.A}{\376\377\226\104\137\125\000\040\000A\000\040\152\041\147\177\142\100\165\050\166\204\133\217\123\005}{}% 43
\BOOKMARK [1][]{appendix.1.B}{\376\377\226\104\137\125\000\040\000B\000\040\143\222\226\037\173\227\154\325\040\023\000m\000a\000t\000l\000a\000b\000\040\156\220\172\013\136\217}{}% 44
\BOOKMARK [1][]{appendix.1.C}{\376\377\226\104\137\125\000\040\000C\000\040\211\304\122\022\211\343\121\263\172\013\136\217\040\023\000l\000i\000n\000g\000o\156\220\116\343\170\001}{}% 45
